missingOperand
unexpectedOperand
duplicateOperand
missingPhiOperand
| ssa.cpp:398:3:398:13 | Phi: return ... | Instruction 'Phi: return ...' is missing an operand for predecessor block 'VariableAddress: y' in function '$@'. | ssa.cpp:383:5:383:24 | int FusedBlockPhiOperand(int, int, int, bool) | int FusedBlockPhiOperand(int, int, int, bool) |
missingOperandType
duplicateChiOperand
sideEffectWithoutPrimary
instructionWithoutSuccessor
ambiguousSuccessors
unexplainedLoop
unnecessaryPhiInstruction
memoryOperandDefinitionIsUnmodeled
operandAcrossFunctions
instructionWithoutUniqueBlock
containsLoopOfForwardEdges
lostReachability
backEdgeCountMismatch
useNotDominatedByDefinition
switchInstructionWithoutDefaultEdge
notMarkedAsConflated
wronglyMarkedAsConflated
invalidOverlap
nonUniqueEnclosingIRFunction
fieldAddressOnNonPointer
thisArgumentIsNonPointer
missingCanonicalLanguageType
multipleCanonicalLanguageTypes
missingIRType
multipleIRTypes
missingCppType
